// Jest Snapshot v1, https://goo.gl/fbAQLP

exports[`Header components Header logo 1`] = `Promise {}`;
